[INFO] Scanning for projects...
[INFO] 
[INFO] ----------------------< com.eventmanager:backend >----------------------
[INFO] Building backend 0.0.1-SNAPSHOT
[INFO]   from pom.xml
[INFO] --------------------------------[ jar ]---------------------------------
[INFO] 
[INFO] --- resources:3.3.1:resources (default-resources) @ backend ---
[INFO] Copying 1 resource from src\main\resources to target\classes
[INFO] Copying 3 resources from src\main\resources to target\classes
[INFO] 
[INFO] --- compiler:3.11.0:compile (default-compile) @ backend ---
[INFO] Changes detected - recompiling the module! :source
[INFO] Compiling 118 source files with javac [debug release 17] to target\classes
mvn : WARNING: A terminally 
deprecated method in 
sun.misc.Unsafe has been 
called
At line:1 char:74
+ ...  Adoptium\jdk-25.0.1.8
-hotspot"; mvn compile 
-DskipTests 2>&1 | Out-F ...
+                           
           
~~~~~~~~~~~~~~~~~~~~~~~~~~~~
    + CategoryInfo          
    : NotSpecified: (WARNI  
  NG: A term...has been c   
 alled:String) [], Remot    
eException
    + FullyQualifiedErrorId 
    : NativeCommandError
 
WARNING: sun.misc.Unsafe::ob
jectFieldOffset has been 
called by 
lombok.permit.Permit
WARNING: Please consider 
reporting this to the 
maintainers of class 
lombok.permit.Permit
WARNING: sun.misc.Unsafe::ob
jectFieldOffset will be 
removed in a future release
[INFO] ------------------------------------------------------------------------
[INFO] BUILD FAILURE
[INFO] ------------------------------------------------------------------------
[INFO] Total time:  1.869 s
[INFO] Finished at: 2026-02-12T10:06:15+05:30
[INFO] ------------------------------------------------------------------------
[ERROR] Failed to execute goal org.apache.maven.plugins:maven-compiler-plugin:3.11.0:compile (default-compile) on project backend: Fatal error compiling: java.lang.ExceptionInInitializerError: com.sun.tools.javac.code.TypeTag :: UNKNOWN -> [Help 1]
[ERROR] 
[ERROR] To see the full stack trace of the errors, re-run Maven with the -e switch.
[ERROR] Re-run Maven using the -X switch to enable full debug logging.
[ERROR] 
[ERROR] For more information about the errors and possible solutions, please read the following articles:
[ERROR] [Help 1] http://cwiki.apache.org/confluence/display/MAVEN/MojoExecutionException
